string: this is a secure string
md5Hex(string): e7b466647ea215dbe59b00c756560911
sha256Hex(string): 5216c0931310b31737ef30353830c234901283544e934f54eb75f622cfb86c9d
