-- empty, notEmpty, length, lower, upper, reverse --
3
TEST
rennips
