tuple()
tuple(1)
(1, 2)
(1, 2)
(1, 2, 3)
(1, '2', 3)
(1, (2, 3), 4)
(1, (2, (3, 4)), 5)
2
4
4
5
