# serializer version: 1
# name: TestProductStripeBuilder.test_build_product_query_with_product_schema
  '''
  SELECT id AS id,
         'stripe.stripe_test' AS source_label,
         name AS name
  FROM stripe_test_product
  '''
# ---
