// Jest Snapshot v1, https://goo.gl/fbAQLP

exports[`performance-event-utils can map network events containing server timings 1`] = `
[
  {
    "connect_end": 2.699999988079071,
    "connect_start": 2.699999988079071,
    "decoded_body_size": 82297,
    "dom_complete": 5703.799999982119,
    "dom_interactive": 5515.199999988079,
    "domain_lookup_end": 2.699999988079071,
    "domain_lookup_start": 2.699999988079071,
    "duration": 5704.5999999940395,
    "encoded_body_size": 82297,
    "entry_type": "navigation",
    "fetch_start": 2.699999988079071,
    "initiator_type": "navigation",
    "is_initial": true,
    "load_event_end": 5704.5999999940395,
    "load_event_start": 5704.5,
    "name": "http://localhost:8000/project/1/replay/recent?sessionRecordingId=018d51f0-b624-7b16-964d-f1109f28b3da",
    "next_hop_protocol": "http/1.1",
    "raw": {
      "activationStart": 0,
      "connectEnd": 2.699999988079071,
      "connectStart": 2.699999988079071,
      "criticalCHRestart": 0,
      "decodedBodySize": 82297,
      "deliveryType": "",
      "domComplete": 5703.799999982119,
      "domContentLoadedEventEnd": 5515.199999988079,
      "domContentLoadedEventStart": 5515.199999988079,
      "domInteractive": 5515.199999988079,
      "domainLookupEnd": 2.699999988079071,
      "domainLookupStart": 2.699999988079071,
      "duration": 5704.5999999940395,
      "encodedBodySize": 82297,
      "endTime": 4892,
      "entryType": "navigation",
      "fetchStart": 2.699999988079071,
      "firstInterimResponseStart": 0,
      "initiatorType": "navigation",
      "isInitial": true,
      "loadEventEnd": 5704.5999999940395,
      "loadEventStart": 5704.5,
      "name": "http://localhost:8000/project/1/replay/recent?sessionRecordingId=018d51f0-b624-7b16-964d-f1109f28b3da",
      "nextHopProtocol": "http/1.1",
      "redirectCount": 0,
      "redirectEnd": 0,
      "redirectStart": 0,
      "renderBlockingStatus": "non-blocking",
      "requestStart": 9.699999988079071,
      "responseEnd": 4891.9000000059605,
      "responseStart": 4818.5999999940395,
      "responseStatus": 200,
      "secureConnectionStart": 0,
      "serverTiming": [],
      "startTime": 0,
      "timeOrigin": 1706482394939,
      "timestamp": 1706482394939,
      "transferSize": 82597,
      "type": "reload",
      "unloadEventEnd": 4907.199999988079,
      "unloadEventStart": 4907.199999988079,
      "workerStart": 0,
    },
    "redirect_count": 0,
    "redirect_end": 0,
    "redirect_start": 0,
    "render_blocking_status": "non-blocking",
    "request_start": 9.699999988079071,
    "response_end": 4891.9000000059605,
    "response_start": 4818.5999999940395,
    "response_status": 200,
    "secure_connection_start": 0,
    "start_time": 0,
    "time_origin": 1706482394939,
    "timestamp": 1706482394939,
    "transfer_size": 82597,
    "unload_event_end": 4907.199999988079,
    "unload_event_start": 4907.199999988079,
    "window_id": "018d5247-079c-7126-8e43-464605576a62",
    "worker_start": 0,
  },
  {
    "connect_end": 0,
    "connect_start": 0,
    "decoded_body_size": 0,
    "domain_lookup_end": 0,
    "domain_lookup_start": 0,
    "duration": 72.09999999403954,
    "encoded_body_size": 0,
    "entry_type": "resource",
    "fetch_start": 5445.199999988079,
    "initiator_type": "link",
    "is_initial": true,
    "name": "http://localhost:8234/static/index.css",
    "next_hop_protocol": "",
    "raw": {
      "connectEnd": 0,
      "connectStart": 0,
      "decodedBodySize": 0,
      "deliveryType": "",
      "domainLookupEnd": 0,
      "domainLookupStart": 0,
      "duration": 72.09999999403954,
      "encodedBodySize": 0,
      "endTime": 5517,
      "entryType": "resource",
      "fetchStart": 5445.199999988079,
      "firstInterimResponseStart": 0,
      "initiatorType": "link",
      "isInitial": true,
      "name": "http://localhost:8234/static/index.css",
      "nextHopProtocol": "",
      "redirectEnd": 0,
      "redirectStart": 0,
      "renderBlockingStatus": "non-blocking",
      "requestStart": 0,
      "responseEnd": 5517.299999982119,
      "responseStart": 0,
      "responseStatus": 0,
      "secureConnectionStart": 0,
      "serverTiming": [],
      "startTime": 5445,
      "timeOrigin": 1706482394939,
      "timestamp": 1706482400384,
      "transferSize": 0,
      "workerStart": 0,
    },
    "redirect_end": 0,
    "redirect_start": 0,
    "render_blocking_status": "non-blocking",
    "request_start": 0,
    "response_end": 5517.299999982119,
    "response_start": 0,
    "response_status": 0,
    "secure_connection_start": 0,
    "start_time": 5445,
    "time_origin": 1706482394939,
    "timestamp": 1706482400384,
    "transfer_size": 0,
    "window_id": "018d5247-079c-7126-8e43-464605576a62",
    "worker_start": 0,
  },
  {
    "connect_end": 10605.799999982119,
    "connect_start": 10605.799999982119,
    "decoded_body_size": 3011,
    "domain_lookup_end": 10605.799999982119,
    "domain_lookup_start": 10605.799999982119,
    "duration": 2524.300000011921,
    "encoded_body_size": 3011,
    "entry_type": "resource",
    "fetch_start": 10605.799999982119,
    "initiator_type": "xmlhttprequest",
    "is_initial": true,
    "name": "http://localhost:8000/decide/?v=3&ip=1&_=1706482405545&ver=1.103.0",
    "next_hop_protocol": "http/1.1",
    "raw": {
      "connectEnd": 10605.799999982119,
      "connectStart": 10605.799999982119,
      "decodedBodySize": 3011,
      "deliveryType": "",
      "domainLookupEnd": 10605.799999982119,
      "domainLookupStart": 10605.799999982119,
      "duration": 2524.300000011921,
      "encodedBodySize": 3011,
      "endTime": 13130,
      "entryType": "resource",
      "fetchStart": 10605.799999982119,
      "firstInterimResponseStart": 0,
      "initiatorType": "xmlhttprequest",
      "isInitial": true,
      "name": "http://localhost:8000/decide/?v=3&ip=1&_=1706482405545&ver=1.103.0",
      "nextHopProtocol": "http/1.1",
      "redirectEnd": 0,
      "redirectStart": 0,
      "renderBlockingStatus": "non-blocking",
      "requestStart": 12689,
      "responseEnd": 13130.09999999404,
      "responseStart": 13084.40000000596,
      "responseStatus": 200,
      "secureConnectionStart": 0,
      "serverTiming": [],
      "startTime": 10606,
      "timeOrigin": 1706482394938,
      "timestamp": 1706482405543,
      "transferSize": 3311,
      "workerStart": 0,
    },
    "redirect_end": 0,
    "redirect_start": 0,
    "render_blocking_status": "non-blocking",
    "request_start": 12689,
    "response_end": 13130.09999999404,
    "response_start": 13084.40000000596,
    "response_status": 200,
    "secure_connection_start": 0,
    "start_time": 10606,
    "time_origin": 1706482394938,
    "timestamp": 1706482405543,
    "transfer_size": 3311,
    "window_id": "018d5247-079c-7126-8e43-464605576a62",
    "worker_start": 0,
  },
  {
    "connect_end": 12722.59999999404,
    "connect_start": 12721.90000000596,
    "decoded_body_size": 3337,
    "domain_lookup_end": 12721.90000000596,
    "domain_lookup_start": 12721.799999982119,
    "duration": 2521.800000011921,
    "encoded_body_size": 647,
    "entry_type": "resource",
    "fetch_start": 10640.09999999404,
    "initiator_type": "fetch",
    "is_initial": true,
    "name": "http://localhost:8000/api/projects/1/activity_log/important_changes?unread=true",
    "next_hop_protocol": "http/1.1",
    "raw": {
      "connectEnd": 12722.59999999404,
      "connectStart": 12721.90000000596,
      "decodedBodySize": 3337,
      "deliveryType": "",
      "domainLookupEnd": 12721.90000000596,
      "domainLookupStart": 12721.799999982119,
      "duration": 2521.800000011921,
      "encodedBodySize": 647,
      "endTime": 13162,
      "entryType": "resource",
      "fetchStart": 10640.09999999404,
      "firstInterimResponseStart": 0,
      "initiatorType": "fetch",
      "isInitial": true,
      "name": "http://localhost:8000/api/projects/1/activity_log/important_changes?unread=true",
      "nextHopProtocol": "http/1.1",
      "redirectEnd": 0,
      "redirectStart": 0,
      "renderBlockingStatus": "non-blocking",
      "requestStart": 12722.699999988079,
      "responseEnd": 13161.90000000596,
      "responseStart": 13161.299999982119,
      "responseStatus": 200,
      "secureConnectionStart": 0,
      "serverTiming": [
        {},
        {},
        {},
        {},
        {},
      ],
      "startTime": 10640,
      "timeOrigin": 1706482394938,
      "timestamp": 1706482405578,
      "transferSize": 947,
      "workerStart": 0,
    },
    "redirect_end": 0,
    "redirect_start": 0,
    "render_blocking_status": "non-blocking",
    "request_start": 12722.699999988079,
    "response_end": 13161.90000000596,
    "response_start": 13161.299999982119,
    "response_status": 200,
    "secure_connection_start": 0,
    "server_timings": [
      {
        "duration": 223.65,
        "entry_type": "serverTiming",
        "name": "gather_query_parts",
        "raw": {
          "duration": 223.65,
          "entryType": "serverTiming",
          "name": "gather_query_parts",
          "startTime": 10640,
          "timeOrigin": 1706482394938,
          "timestamp": 1706482405578,
        },
        "start_time": 10640,
        "time_origin": 1706482394938,
        "timestamp": 1706482405578,
        "window_id": "018d5247-079c-7126-8e43-464605576a62",
      },
      {
        "duration": 42.63,
        "entry_type": "serverTiming",
        "name": "query_for_candidate_ids",
        "raw": {
          "duration": 42.63,
          "entryType": "serverTiming",
          "name": "query_for_candidate_ids",
          "startTime": 10640,
          "timeOrigin": 1706482394938,
          "timestamp": 1706482405578,
        },
        "start_time": 10640,
        "time_origin": 1706482394938,
        "timestamp": 1706482405578,
        "window_id": "018d5247-079c-7126-8e43-464605576a62",
      },
      {
        "duration": 3.75,
        "entry_type": "serverTiming",
        "name": "construct_query",
        "raw": {
          "duration": 3.75,
          "entryType": "serverTiming",
          "name": "construct_query",
          "startTime": 10640,
          "timeOrigin": 1706482394938,
          "timestamp": 1706482405578,
        },
        "start_time": 10640,
        "time_origin": 1706482394938,
        "timestamp": 1706482405578,
        "window_id": "018d5247-079c-7126-8e43-464605576a62",
      },
      {
        "duration": 0.08,
        "entry_type": "serverTiming",
        "name": "query_for_data",
        "raw": {
          "duration": 0.08,
          "entryType": "serverTiming",
          "name": "query_for_data",
          "startTime": 10640,
          "timeOrigin": 1706482394938,
          "timestamp": 1706482405578,
        },
        "start_time": 10640,
        "time_origin": 1706482394938,
        "timestamp": 1706482405578,
        "window_id": "018d5247-079c-7126-8e43-464605576a62",
      },
      {
        "duration": 39.98,
        "entry_type": "serverTiming",
        "name": "serialize",
        "raw": {
          "duration": 39.98,
          "entryType": "serverTiming",
          "name": "serialize",
          "startTime": 10640,
          "timeOrigin": 1706482394938,
          "timestamp": 1706482405578,
        },
        "start_time": 10640,
        "time_origin": 1706482394938,
        "timestamp": 1706482405578,
        "window_id": "018d5247-079c-7126-8e43-464605576a62",
      },
    ],
    "start_time": 10640,
    "time_origin": 1706482394938,
    "timestamp": 1706482405578,
    "transfer_size": 947,
    "window_id": "018d5247-079c-7126-8e43-464605576a62",
    "worker_start": 0,
  },
  {
    "connect_end": 10654.299999982119,
    "connect_start": 10654.299999982119,
    "decoded_body_size": 61551,
    "domain_lookup_end": 10654.299999982119,
    "domain_lookup_start": 10654.299999982119,
    "duration": 2927.100000023842,
    "encoded_body_size": 2789,
    "entry_type": "resource",
    "fetch_start": 10654.299999982119,
    "initiator_type": "fetch",
    "is_initial": true,
    "name": "http://localhost:8000/api/projects/1/session_recordings?session_recording_duration=%7B%22type%22%3A%22recording%22%2C%22key%22%3A%22duration%22%2C%22value%22%3A1%2C%22operator%22%3A%22gt%22%7D&properties=%5B%5D&events=%5B%5D&actions=%5B%5D&date_from=-7d&console_logs=%5B%5D&person_uuid=&limit=20",
    "next_hop_protocol": "http/1.1",
    "raw": {
      "connectEnd": 10654.299999982119,
      "connectStart": 10654.299999982119,
      "decodedBodySize": 61551,
      "deliveryType": "",
      "domainLookupEnd": 10654.299999982119,
      "domainLookupStart": 10654.299999982119,
      "duration": 2927.100000023842,
      "encodedBodySize": 2789,
      "endTime": 13581,
      "entryType": "resource",
      "fetchStart": 10654.299999982119,
      "firstInterimResponseStart": 0,
      "initiatorType": "fetch",
      "isInitial": true,
      "name": "http://localhost:8000/api/projects/1/session_recordings?session_recording_duration=%7B%22type%22%3A%22recording%22%2C%22key%22%3A%22duration%22%2C%22value%22%3A1%2C%22operator%22%3A%22gt%22%7D&properties=%5B%5D&events=%5B%5D&actions=%5B%5D&date_from=-7d&console_logs=%5B%5D&person_uuid=&limit=20",
      "nextHopProtocol": "http/1.1",
      "redirectEnd": 0,
      "redirectStart": 0,
      "renderBlockingStatus": "non-blocking",
      "requestStart": 12803.699999988079,
      "responseEnd": 13581.40000000596,
      "responseStart": 13577,
      "responseStatus": 200,
      "secureConnectionStart": 0,
      "serverTiming": [
        {},
        {},
        {},
      ],
      "startTime": 10654,
      "timeOrigin": 1706482394938,
      "timestamp": 1706482405592,
      "transferSize": 3089,
      "workerStart": 0,
    },
    "redirect_end": 0,
    "redirect_start": 0,
    "render_blocking_status": "non-blocking",
    "request_start": 12803.699999988079,
    "response_end": 13581.40000000596,
    "response_start": 13577,
    "response_status": 200,
    "secure_connection_start": 0,
    "server_timings": [
      {
        "duration": 384.21,
        "entry_type": "serverTiming",
        "name": "load_recordings_from_clickhouse",
        "raw": {
          "duration": 384.21,
          "entryType": "serverTiming",
          "name": "load_recordings_from_clickhouse",
          "startTime": 10654,
          "timeOrigin": 1706482394938,
          "timestamp": 1706482405592,
        },
        "start_time": 10654,
        "time_origin": 1706482394938,
        "timestamp": 1706482405592,
        "window_id": "018d5247-079c-7126-8e43-464605576a62",
      },
      {
        "duration": 0.72,
        "entry_type": "serverTiming",
        "name": "load_persons",
        "raw": {
          "duration": 0.72,
          "entryType": "serverTiming",
          "name": "load_persons",
          "startTime": 10654,
          "timeOrigin": 1706482394938,
          "timestamp": 1706482405592,
        },
        "start_time": 10654,
        "time_origin": 1706482394938,
        "timestamp": 1706482405592,
        "window_id": "018d5247-079c-7126-8e43-464605576a62",
      },
      {
        "duration": 7.12,
        "entry_type": "serverTiming",
        "name": "process_persons",
        "raw": {
          "duration": 7.12,
          "entryType": "serverTiming",
          "name": "process_persons",
          "startTime": 10654,
          "timeOrigin": 1706482394938,
          "timestamp": 1706482405592,
        },
        "start_time": 10654,
        "time_origin": 1706482394938,
        "timestamp": 1706482405592,
        "window_id": "018d5247-079c-7126-8e43-464605576a62",
      },
    ],
    "start_time": 10654,
    "time_origin": 1706482394938,
    "timestamp": 1706482405592,
    "transfer_size": 3089,
    "window_id": "018d5247-079c-7126-8e43-464605576a62",
    "worker_start": 0,
  },
]
`;
