# name: TestTimeToSeeDataApi.test_session_events_api
  '
  {
      "type": "session",
      "data": {
          "session_id": "123",
          "user_id": 123,
          "team_id": 2,
          "session_start": "2022-10-05T10:10:28Z",
          "session_end": "2022-10-05T10:30:30Z",
          "duration_ms": 1202000,
          "team_events_last_month": 55555,
          "events_count": 3,
          "interactions_count": 2,
          "total_interaction_time_to_see_data_ms": 9000,
          "frustrating_interactions_count": 1,
          "user": {
              "distinct_id": "",
              "first_name": "",
              "email": "",
              "is_email_verified": false
          }
      },
      "children": [
          {
              "type": "interaction",
              "data": {
                  "team_events_last_month": 55555,
                  "query_id": "123",
                  "primary_interaction_id": "111-222-333",
                  "team_id": 2,
                  "user_id": 123,
                  "session_id": "123",
                  "timestamp": "2022-10-05T10:10:30",
                  "type": "",
                  "context": "",
                  "is_primary_interaction": 1,
                  "time_to_see_data_ms": 2000,
                  "status": "",
                  "api_response_bytes": 100,
                  "current_url": "",
                  "api_url": "",
                  "insight": "",
                  "action": "",
                  "insights_fetched": 1,
                  "insights_fetched_cached": 0,
                  "min_last_refresh": "1970-01-01T00:00:00",
                  "max_last_refresh": "1970-01-01T00:00:00",
                  "_timestamp": "1970-01-01T00:00:00",
                  "_offset": 0,
                  "_partition": 0,
                  "is_frustrating": 0
              },
              "children": [
                  {
                      "type": "event",
                      "data": {
                          "team_events_last_month": 55555,
                          "query_id": "777",
                          "primary_interaction_id": "111-222-333",
                          "team_id": 2,
                          "user_id": 123,
                          "session_id": "123",
                          "timestamp": "2022-10-05T10:30:25",
                          "type": "",
                          "context": "",
                          "is_primary_interaction": 0,
                          "time_to_see_data_ms": 1000,
                          "status": "",
                          "api_response_bytes": 100,
                          "current_url": "",
                          "api_url": "",
                          "insight": "",
                          "action": "",
                          "insights_fetched": 1,
                          "insights_fetched_cached": 0,
                          "min_last_refresh": "1970-01-01T00:00:00",
                          "max_last_refresh": "1970-01-01T00:00:00",
                          "_timestamp": "1970-01-01T00:00:00",
                          "_offset": 0,
                          "_partition": 0,
                          "is_frustrating": 0
                      },
                      "children": [
                          {
                              "type": "query",
                              "data": {
                                  "host": "",
                                  "timestamp": "2022-10-05T10:10:30",
                                  "query_duration_ms": 400,
                                  "read_rows": 0,
                                  "read_bytes": 0,
                                  "result_rows": 0,
                                  "result_bytes": 0,
                                  "memory_usage": 0,
                                  "is_initial_query": 1,
                                  "exception_code": 0,
                                  "team_id": 2,
                                  "team_events_last_month": 0,
                                  "user_id": 123,
                                  "session_id": "123",
                                  "kind": "",
                                  "query_type": "",
                                  "client_query_id": "111-222-333::777",
                                  "id": "",
                                  "route_id": "",
                                  "query_time_range_days": 1,
                                  "has_joins": 0,
                                  "has_json_operations": 0,
                                  "filter_by_type": [],
                                  "breakdown_by": [],
                                  "entity_math": [],
                                  "filter": "",
                                  "tables": [],
                                  "columns": [],
                                  "query": "",
                                  "log_comment": "",
                                  "is_frustrating": 0
                              },
                              "children": []
                          }
                      ]
                  },
                  {
                      "type": "query",
                      "data": {
                          "host": "",
                          "timestamp": "2022-10-05T10:10:30",
                          "query_duration_ms": 200,
                          "read_rows": 0,
                          "read_bytes": 0,
                          "result_rows": 0,
                          "result_bytes": 0,
                          "memory_usage": 0,
                          "is_initial_query": 1,
                          "exception_code": 0,
                          "team_id": 2,
                          "team_events_last_month": 0,
                          "user_id": 123,
                          "session_id": "123",
                          "kind": "",
                          "query_type": "",
                          "client_query_id": "111-222-333::999",
                          "id": "",
                          "route_id": "",
                          "query_time_range_days": 1,
                          "has_joins": 0,
                          "has_json_operations": 0,
                          "filter_by_type": [],
                          "breakdown_by": [],
                          "entity_math": [],
                          "filter": "",
                          "tables": [],
                          "columns": [],
                          "query": "",
                          "log_comment": "",
                          "is_frustrating": 0
                      },
                      "children": []
                  }
              ]
          },
          {
              "type": "interaction",
              "data": {
                  "team_events_last_month": 55555,
                  "query_id": "123",
                  "primary_interaction_id": "456",
                  "team_id": 2,
                  "user_id": 123,
                  "session_id": "123",
                  "timestamp": "2022-10-05T10:30:30",
                  "type": "",
                  "context": "",
                  "is_primary_interaction": 1,
                  "time_to_see_data_ms": 7000,
                  "status": "",
                  "api_response_bytes": 100,
                  "current_url": "",
                  "api_url": "",
                  "insight": "",
                  "action": "",
                  "insights_fetched": 1,
                  "insights_fetched_cached": 0,
                  "min_last_refresh": "1970-01-01T00:00:00",
                  "max_last_refresh": "1970-01-01T00:00:00",
                  "_timestamp": "1970-01-01T00:00:00",
                  "_offset": 0,
                  "_partition": 0,
                  "is_frustrating": 1
              },
              "children": []
          }
      ]
  }
  '
---
