string
integer
float
boolean
boolean
null
object
array
tuple
function
datetime
date
error
