# name: TestResolver.test_asterisk_expander_from_subquery_table
  '''
  {
    select: [
      {
        alias: "uuid"
        expr: {
          chain: [
            "uuid"
          ]
          type: {
            name: "uuid"
            table_type: {
              aliases: {}
              anonymous_tables: []
              columns: {
                $group_0: {
                  alias: "$group_0"
                  type: {
                    name: "$group_0"
                    table_type: {
                      table: {
                        fields: {
                          $group_0: {},
                          $group_1: {},
                          $group_2: {},
                          $group_3: {},
                          $group_4: {},
                          $session_id: {},
                          created_at: {},
                          distinct_id: {},
                          elements_chain: {},
                          event: {},
                          goe_0: {},
                          goe_1: {},
                          goe_2: {},
                          goe_3: {},
                          goe_4: {},
                          group_0: {},
                          group_1: {},
                          group_2: {},
                          group_3: {},
                          group_4: {},
                          pdi: {},
                          person: {},
                          person_id: {},
                          poe: {},
                          properties: {},
                          session: {},
                          team_id: {},
                          timestamp: {},
                          uuid: {}
                        }
                      }
                    }
                  }
                },
                $group_1: {
                  alias: "$group_1"
                  type: {
                    name: "$group_1"
                    table_type: <recursion ...>
                  }
                },
                $group_2: {
                  alias: "$group_2"
                  type: {
                    name: "$group_2"
                    table_type: <recursion ...>
                  }
                },
                $group_3: {
                  alias: "$group_3"
                  type: {
                    name: "$group_3"
                    table_type: <recursion ...>
                  }
                },
                $group_4: {
                  alias: "$group_4"
                  type: {
                    name: "$group_4"
                    table_type: <recursion ...>
                  }
                },
                $session_id: {
                  alias: "$session_id"
                  type: {
                    name: "$session_id"
                    table_type: <recursion ...>
                  }
                },
                created_at: {
                  alias: "created_at"
                  type: {
                    name: "created_at"
                    table_type: <recursion ...>
                  }
                },
                distinct_id: {
                  alias: "distinct_id"
                  type: {
                    name: "distinct_id"
                    table_type: <recursion ...>
                  }
                },
                elements_chain: {
                  alias: "elements_chain"
                  type: {
                    name: "elements_chain"
                    table_type: <recursion ...>
                  }
                },
                event: {
                  alias: "event"
                  type: {
                    name: "event"
                    table_type: <recursion ...>
                  }
                },
                properties: {
                  alias: "properties"
                  type: {
                    name: "properties"
                    table_type: <recursion ...>
                  }
                },
                timestamp: {
                  alias: "timestamp"
                  type: {
                    name: "timestamp"
                    table_type: <recursion ...>
                  }
                },
                uuid: {
                  alias: "uuid"
                  type: {
                    name: "uuid"
                    table_type: <recursion ...>
                  }
                }
              }
              ctes: {}
              tables: {
                events: <recursion ...>
              }
            }
          }
        }
        hidden: True
        type: {
          alias: "uuid"
          type: <recursion ...>
        }
      },
      {
        alias: "event"
        expr: {
          chain: [
            "event"
          ]
          type: {
            name: "event"
            table_type: <recursion ...>
          }
        }
        hidden: True
        type: {
          alias: "event"
          type: <recursion ...>
        }
      },
      {
        alias: "properties"
        expr: {
          chain: [
            "properties"
          ]
          type: {
            name: "properties"
            table_type: <recursion ...>
          }
        }
        hidden: True
        type: {
          alias: "properties"
          type: <recursion ...>
        }
      },
      {
        alias: "timestamp"
        expr: {
          chain: [
            "timestamp"
          ]
          type: {
            name: "timestamp"
            table_type: <recursion ...>
          }
        }
        hidden: True
        type: {
          alias: "timestamp"
          type: <recursion ...>
        }
      },
      {
        alias: "distinct_id"
        expr: {
          chain: [
            "distinct_id"
          ]
          type: {
            name: "distinct_id"
            table_type: <recursion ...>
          }
        }
        hidden: True
        type: {
          alias: "distinct_id"
          type: <recursion ...>
        }
      },
      {
        alias: "elements_chain"
        expr: {
          chain: [
            "elements_chain"
          ]
          type: {
            name: "elements_chain"
            table_type: <recursion ...>
          }
        }
        hidden: True
        type: {
          alias: "elements_chain"
          type: <recursion ...>
        }
      },
      {
        alias: "created_at"
        expr: {
          chain: [
            "created_at"
          ]
          type: {
            name: "created_at"
            table_type: <recursion ...>
          }
        }
        hidden: True
        type: {
          alias: "created_at"
          type: <recursion ...>
        }
      },
      {
        alias: "$session_id"
        expr: {
          chain: [
            "$session_id"
          ]
          type: {
            name: "$session_id"
            table_type: <recursion ...>
          }
        }
        hidden: True
        type: {
          alias: "$session_id"
          type: <recursion ...>
        }
      },
      {
        alias: "$group_0"
        expr: {
          chain: [
            "$group_0"
          ]
          type: {
            name: "$group_0"
            table_type: <recursion ...>
          }
        }
        hidden: True
        type: {
          alias: "$group_0"
          type: <recursion ...>
        }
      },
      {
        alias: "$group_1"
        expr: {
          chain: [
            "$group_1"
          ]
          type: {
            name: "$group_1"
            table_type: <recursion ...>
          }
        }
        hidden: True
        type: {
          alias: "$group_1"
          type: <recursion ...>
        }
      },
      {
        alias: "$group_2"
        expr: {
          chain: [
            "$group_2"
          ]
          type: {
            name: "$group_2"
            table_type: <recursion ...>
          }
        }
        hidden: True
        type: {
          alias: "$group_2"
          type: <recursion ...>
        }
      },
      {
        alias: "$group_3"
        expr: {
          chain: [
            "$group_3"
          ]
          type: {
            name: "$group_3"
            table_type: <recursion ...>
          }
        }
        hidden: True
        type: {
          alias: "$group_3"
          type: <recursion ...>
        }
      },
      {
        alias: "$group_4"
        expr: {
          chain: [
            "$group_4"
          ]
          type: {
            name: "$group_4"
            table_type: <recursion ...>
          }
        }
        hidden: True
        type: {
          alias: "$group_4"
          type: <recursion ...>
        }
      }
    ]
    select_from: {
      table: {
        select: [
          {
            alias: "uuid"
            expr: {
              chain: [
                "uuid"
              ]
              type: <recursion ...>
            }
            hidden: True
            type: <recursion ...>
          },
          {
            alias: "event"
            expr: {
              chain: [
                "event"
              ]
              type: <recursion ...>
            }
            hidden: True
            type: <recursion ...>
          },
          {
            alias: "properties"
            expr: {
              chain: [
                "properties"
              ]
              type: <recursion ...>
            }
            hidden: True
            type: <recursion ...>
          },
          {
            alias: "timestamp"
            expr: {
              chain: [
                "timestamp"
              ]
              type: <recursion ...>
            }
            hidden: True
            type: <recursion ...>
          },
          {
            alias: "distinct_id"
            expr: {
              chain: [
                "distinct_id"
              ]
              type: <recursion ...>
            }
            hidden: True
            type: <recursion ...>
          },
          {
            alias: "elements_chain"
            expr: {
              chain: [
                "elements_chain"
              ]
              type: <recursion ...>
            }
            hidden: True
            type: <recursion ...>
          },
          {
            alias: "created_at"
            expr: {
              chain: [
                "created_at"
              ]
              type: <recursion ...>
            }
            hidden: True
            type: <recursion ...>
          },
          {
            alias: "$session_id"
            expr: {
              chain: [
                "$session_id"
              ]
              type: <recursion ...>
            }
            hidden: True
            type: <recursion ...>
          },
          {
            alias: "$group_0"
            expr: {
              chain: [
                "$group_0"
              ]
              type: <recursion ...>
            }
            hidden: True
            type: <recursion ...>
          },
          {
            alias: "$group_1"
            expr: {
              chain: [
                "$group_1"
              ]
              type: <recursion ...>
            }
            hidden: True
            type: <recursion ...>
          },
          {
            alias: "$group_2"
            expr: {
              chain: [
                "$group_2"
              ]
              type: <recursion ...>
            }
            hidden: True
            type: <recursion ...>
          },
          {
            alias: "$group_3"
            expr: {
              chain: [
                "$group_3"
              ]
              type: <recursion ...>
            }
            hidden: True
            type: <recursion ...>
          },
          {
            alias: "$group_4"
            expr: {
              chain: [
                "$group_4"
              ]
              type: <recursion ...>
            }
            hidden: True
            type: <recursion ...>
          }
        ]
        select_from: {
          table: {
            chain: [
              "events"
            ]
            type: <recursion ...>
          }
          type: <recursion ...>
        }
        type: <recursion ...>
      }
      type: <recursion ...>
    }
    type: {
      aliases: {}
      anonymous_tables: [
        <recursion ...>
      ]
      columns: {
        $group_0: <recursion ...>,
        $group_1: <recursion ...>,
        $group_2: <recursion ...>,
        $group_3: <recursion ...>,
        $group_4: <recursion ...>,
        $session_id: <recursion ...>,
        created_at: <recursion ...>,
        distinct_id: <recursion ...>,
        elements_chain: <recursion ...>,
        event: <recursion ...>,
        properties: <recursion ...>,
        timestamp: <recursion ...>,
        uuid: <recursion ...>
      }
      ctes: {}
      tables: {}
    }
  }
  '''
# ---
