# serializer version: 1
# name: TestAPIDocsSchema.test_api_docs_generation_warnings_snapshot
  list([
    '/home/runner/work/posthog/posthog/posthog/api/organization.py: Warning [OrganizationViewSet > OrganizationSerializer]: unable to resolve type hint for function "get_metadata". Consider using a type hint or @extend_schema_field. Defaulting to string.',
    '/home/runner/work/posthog/posthog/posthog/api/organization.py: Warning [OrganizationViewSet > OrganizationSerializer]: unable to resolve type hint for function "get_member_count". Consider using a type hint or @extend_schema_field. Defaulting to string.',
    '/home/runner/work/posthog/posthog/posthog/batch_exports/http.py: Warning [BatchExportOrganizationViewSet]: could not derive type of path parameter "organization_id" because model "posthog.batch_exports.models.BatchExport" contained no such field. Consider annotating parameter with @extend_schema. Defaulting to "string".',
    '/home/runner/work/posthog/posthog/posthog/batch_exports/http.py: Warning [BatchExportOrganizationViewSet > BatchExportSerializer]: could not resolve serializer field "HogQLSelectQueryField(required=False)". Defaulting to "string"',
    '/home/runner/work/posthog/posthog/posthog/api/proxy_record.py: Warning [ProxyRecordViewset]: could not derive type of path parameter "organization_id" because it is untyped and obtaining queryset from the viewset failed. Consider adding a type to the path (e.g. <int:organization_id>) or annotating the parameter type with @extend_schema. Defaulting to "string".',
    '/home/runner/work/posthog/posthog/posthog/api/proxy_record.py: Warning [ProxyRecordViewset]: could not derive type of path parameter "id" because it is untyped and obtaining queryset from the viewset failed. Consider adding a type to the path (e.g. <int:id>) or annotating the parameter type with @extend_schema. Defaulting to "string".',
    '/home/runner/work/posthog/posthog/ee/api/role.py: Warning [RoleViewSet > RoleSerializer]: unable to resolve type hint for function "get_members". Consider using a type hint or @extend_schema_field. Defaulting to string.',
    '/home/runner/work/posthog/posthog/ee/api/role.py: Warning [RoleViewSet > RoleSerializer]: unable to resolve type hint for function "get_associated_flags". Consider using a type hint or @extend_schema_field. Defaulting to string.',
    '/home/runner/work/posthog/posthog/ee/api/role.py: Warning [RoleMembershipViewSet]: could not derive type of path parameter "organization_id" because model "ee.models.role.RoleMembership" contained no such field. Consider annotating parameter with @extend_schema. Defaulting to "string".',
    '/home/runner/work/posthog/posthog/posthog/api/action.py: Warning [ActionViewSet]: could not derive type of path parameter "project_id" because model "posthog.models.action.action.Action" contained no such field. Consider annotating parameter with @extend_schema. Defaulting to "string".',
    '/home/runner/work/posthog/posthog/posthog/api/activity_log.py: Warning [ActivityLogViewSet]: could not derive type of path parameter "project_id" because model "posthog.models.activity_logging.activity_log.ActivityLog" contained no such field. Consider annotating parameter with @extend_schema. Defaulting to "string".',
    '/home/runner/work/posthog/posthog/posthog/api/annotation.py: Warning [AnnotationsViewSet]: could not derive type of path parameter "project_id" because model "posthog.models.annotation.Annotation" contained no such field. Consider annotating parameter with @extend_schema. Defaulting to "string".',
    "/home/runner/work/posthog/posthog/posthog/api/app_metrics.py: Error [AppMetricsViewSet]: exception raised while getting serializer. Hint: Is get_serializer_class() returning None or is get_queryset() not working without a request? Ignoring the view for now. (Exception: 'AppMetricsViewSet' should either include a `serializer_class` attribute, or override the `get_serializer_class()` method.)",
    '/home/runner/work/posthog/posthog/posthog/api/app_metrics.py: Warning [AppMetricsViewSet]: could not derive type of path parameter "project_id" because model "posthog.models.plugin.PluginConfig" contained no such field. Consider annotating parameter with @extend_schema. Defaulting to "string".',
    '/home/runner/work/posthog/posthog/posthog/api/app_metrics.py: Error [HistoricalExportsAppMetricsViewSet]: unable to guess serializer. This is graceful fallback handling for APIViews. Consider using GenericAPIView as view base class, if view is under your control. Either way you may want to add a serializer_class (or method). Ignoring view for now.',
    '/home/runner/work/posthog/posthog/posthog/api/app_metrics.py: Warning [HistoricalExportsAppMetricsViewSet]: could not derive type of path parameter "project_id" because it is untyped and obtaining queryset from the viewset failed. Consider adding a type to the path (e.g. <int:project_id>) or annotating the parameter type with @extend_schema. Defaulting to "string".',
    '/home/runner/work/posthog/posthog/posthog/api/app_metrics.py: Warning [HistoricalExportsAppMetricsViewSet]: could not derive type of path parameter "plugin_config_id" because it is untyped and obtaining queryset from the viewset failed. Consider adding a type to the path (e.g. <int:plugin_config_id>) or annotating the parameter type with @extend_schema. Defaulting to "string".',
    '/home/runner/work/posthog/posthog/posthog/api/app_metrics.py: Warning [HistoricalExportsAppMetricsViewSet]: could not derive type of path parameter "id" because it is untyped and obtaining queryset from the viewset failed. Consider adding a type to the path (e.g. <int:id>) or annotating the parameter type with @extend_schema. Defaulting to "string".',
    '/home/runner/work/posthog/posthog/posthog/batch_exports/http.py: Warning [BatchExportViewSet]: could not derive type of path parameter "project_id" because model "posthog.batch_exports.models.BatchExport" contained no such field. Consider annotating parameter with @extend_schema. Defaulting to "string".',
    '/home/runner/work/posthog/posthog/posthog/batch_exports/http.py: Warning [BatchExportLogViewSet]: could not derive type of path parameter "project_id" because it is untyped and obtaining queryset from the viewset failed. Consider adding a type to the path (e.g. <int:project_id>) or annotating the parameter type with @extend_schema. Defaulting to "string".',
    '/home/runner/work/posthog/posthog/posthog/batch_exports/http.py: Warning [BatchExportLogViewSet]: could not derive type of path parameter "batch_export_id" because it is untyped and obtaining queryset from the viewset failed. Consider adding a type to the path (e.g. <int:batch_export_id>) or annotating the parameter type with @extend_schema. Defaulting to "string".',
    '/home/runner/work/posthog/posthog/posthog/batch_exports/http.py: Warning [BatchExportRunViewSet]: could not derive type of path parameter "project_id" because model "posthog.batch_exports.models.BatchExportRun" contained no such field. Consider annotating parameter with @extend_schema. Defaulting to "string".',
    '/home/runner/work/posthog/posthog/posthog/batch_exports/http.py: Warning [BatchExportLogViewSet]: could not derive type of path parameter "run_id" because it is untyped and obtaining queryset from the viewset failed. Consider adding a type to the path (e.g. <int:run_id>) or annotating the parameter type with @extend_schema. Defaulting to "string".',
    '/home/runner/work/posthog/posthog/posthog/api/cohort.py: Warning [CohortViewSet]: could not derive type of path parameter "project_id" because model "posthog.models.cohort.cohort.Cohort" contained no such field. Consider annotating parameter with @extend_schema. Defaulting to "string".',
    '/home/runner/work/posthog/posthog/posthog/api/dashboards/dashboard_templates.py: Warning [DashboardTemplateViewSet]: could not derive type of path parameter "project_id" because model "posthog.models.dashboard_templates.DashboardTemplate" contained no such field. Consider annotating parameter with @extend_schema. Defaulting to "string".',
    '/home/runner/work/posthog/posthog/posthog/api/dashboards/dashboard.py: Warning [DashboardsViewSet]: could not derive type of path parameter "project_id" because model "posthog.models.dashboard.Dashboard" contained no such field. Consider annotating parameter with @extend_schema. Defaulting to "string".',
    '/home/runner/work/posthog/posthog/ee/api/dashboard_collaborator.py: Warning [DashboardCollaboratorViewSet]: could not derive type of path parameter "project_id" because model "ee.models.dashboard_privilege.DashboardPrivilege" contained no such field. Consider annotating parameter with @extend_schema. Defaulting to "string".',
    '/home/runner/work/posthog/posthog/posthog/api/sharing.py: Warning [SharingConfigurationViewSet]: could not derive type of path parameter "project_id" because model "posthog.models.sharing_configuration.SharingConfiguration" contained no such field. Consider annotating parameter with @extend_schema. Defaulting to "string".',
    '/home/runner/work/posthog/posthog/posthog/api/early_access_feature.py: Warning [EarlyAccessFeatureViewSet]: could not derive type of path parameter "project_id" because model "posthog.models.early_access_feature.EarlyAccessFeature" contained no such field. Consider annotating parameter with @extend_schema. Defaulting to "string".',
    "/home/runner/work/posthog/posthog/posthog/api/event_definition.py: Error [EventDefinitionViewSet]: exception raised while getting serializer. Hint: Is get_serializer_class() returning None or is get_queryset() not working without a request? Ignoring the view for now. (Exception: 'AnonymousUser' object has no attribute 'organization')",
    '/home/runner/work/posthog/posthog/posthog/api/event_definition.py: Warning [EventDefinitionViewSet]: could not derive type of path parameter "project_id" because model "posthog.models.event_definition.EventDefinition" contained no such field. Consider annotating parameter with @extend_schema. Defaulting to "string".',
    '/home/runner/work/posthog/posthog/posthog/api/event.py: Warning [EventViewSet]: could not derive type of path parameter "project_id" because it is untyped and obtaining queryset from the viewset failed. Consider adding a type to the path (e.g. <int:project_id>) or annotating the parameter type with @extend_schema. Defaulting to "string".',
    '/home/runner/work/posthog/posthog/posthog/models/event/util.py: Warning [EventViewSet > ClickhouseEventSerializer]: unable to resolve type hint for function "get_id". Consider using a type hint or @extend_schema_field. Defaulting to string.',
    '/home/runner/work/posthog/posthog/posthog/models/event/util.py: Warning [EventViewSet > ClickhouseEventSerializer]: unable to resolve type hint for function "get_distinct_id". Consider using a type hint or @extend_schema_field. Defaulting to string.',
    '/home/runner/work/posthog/posthog/posthog/models/event/util.py: Warning [EventViewSet > ClickhouseEventSerializer]: unable to resolve type hint for function "get_properties". Consider using a type hint or @extend_schema_field. Defaulting to string.',
    '/home/runner/work/posthog/posthog/posthog/models/event/util.py: Warning [EventViewSet > ClickhouseEventSerializer]: unable to resolve type hint for function "get_event". Consider using a type hint or @extend_schema_field. Defaulting to string.',
    '/home/runner/work/posthog/posthog/posthog/models/event/util.py: Warning [EventViewSet > ClickhouseEventSerializer]: unable to resolve type hint for function "get_timestamp". Consider using a type hint or @extend_schema_field. Defaulting to string.',
    '/home/runner/work/posthog/posthog/posthog/models/event/util.py: Warning [EventViewSet > ClickhouseEventSerializer]: unable to resolve type hint for function "get_person". Consider using a type hint or @extend_schema_field. Defaulting to string.',
    '/home/runner/work/posthog/posthog/posthog/models/event/util.py: Warning [EventViewSet > ClickhouseEventSerializer]: unable to resolve type hint for function "get_elements". Consider using a type hint or @extend_schema_field. Defaulting to string.',
    '/home/runner/work/posthog/posthog/posthog/models/event/util.py: Warning [EventViewSet > ClickhouseEventSerializer]: unable to resolve type hint for function "get_elements_chain". Consider using a type hint or @extend_schema_field. Defaulting to string.',
    '/home/runner/work/posthog/posthog/posthog/api/event.py: Warning [EventViewSet]: could not derive type of path parameter "id" because it is untyped and obtaining queryset from the viewset failed. Consider adding a type to the path (e.g. <int:id>) or annotating the parameter type with @extend_schema. Defaulting to "string".',
    '/home/runner/work/posthog/posthog/ee/clickhouse/views/experiments.py: Warning [ClickhouseExperimentsViewSet]: could not derive type of path parameter "project_id" because model "posthog.models.experiment.Experiment" contained no such field. Consider annotating parameter with @extend_schema. Defaulting to "string".',
    '/home/runner/work/posthog/posthog/ee/api/explicit_team_member.py: Warning [ExplicitTeamMemberViewSet]: could not derive type of path parameter "project_id" because model "ee.models.explicit_team_membership.ExplicitTeamMembership" contained no such field. Consider annotating parameter with @extend_schema. Defaulting to "string".',
    '/home/runner/work/posthog/posthog/posthog/api/exports.py: Warning [ExportedAssetViewSet]: could not derive type of path parameter "project_id" because model "posthog.models.exported_asset.ExportedAsset" contained no such field. Consider annotating parameter with @extend_schema. Defaulting to "string".',
    '/home/runner/work/posthog/posthog/posthog/api/exports.py: Warning [ExportedAssetViewSet > ExportedAssetSerializer]: unable to resolve type hint for function "has_content". Consider using a type hint or @extend_schema_field. Defaulting to string.',
    '/home/runner/work/posthog/posthog/posthog/api/exports.py: Warning [ExportedAssetViewSet > ExportedAssetSerializer]: unable to resolve type hint for function "filename". Consider using a type hint or @extend_schema_field. Defaulting to string.',
    '/home/runner/work/posthog/posthog/posthog/api/feature_flag.py: Warning [FeatureFlagViewSet]: could not derive type of path parameter "project_id" because model "posthog.models.feature_flag.feature_flag.FeatureFlag" contained no such field. Consider annotating parameter with @extend_schema. Defaulting to "string".',
    '/home/runner/work/posthog/posthog/ee/api/feature_flag_role_access.py: Warning [FeatureFlagRoleAccessViewSet]: could not derive type of path parameter "project_id" because model "ee.models.feature_flag_role_access.FeatureFlagRoleAccess" contained no such field. Consider annotating parameter with @extend_schema. Defaulting to "string".',
    '/home/runner/work/posthog/posthog/ee/clickhouse/views/groups.py: Warning [ClickhouseGroupsView]: could not derive type of path parameter "project_id" because model "posthog.models.group.group.Group" contained no such field. Consider annotating parameter with @extend_schema. Defaulting to "string".',
    '/home/runner/work/posthog/posthog/ee/clickhouse/views/groups.py: Warning [ClickhouseGroupsTypesView]: could not derive type of path parameter "project_id" because model "posthog.models.group_type_mapping.GroupTypeMapping" contained no such field. Consider annotating parameter with @extend_schema. Defaulting to "string".',
    '/home/runner/work/posthog/posthog/ee/clickhouse/views/insights.py: Warning [ClickhouseInsightsViewSet]: could not derive type of path parameter "project_id" because model "posthog.models.insight.Insight" contained no such field. Consider annotating parameter with @extend_schema. Defaulting to "string".',
    '/home/runner/work/posthog/posthog/posthog/api/insight.py: Warning [ClickhouseInsightsViewSet > InsightSerializer]: unable to resolve type hint for function "get_last_refresh". Consider using a type hint or @extend_schema_field. Defaulting to string.',
    '/home/runner/work/posthog/posthog/posthog/api/insight.py: Warning [ClickhouseInsightsViewSet > InsightSerializer]: unable to resolve type hint for function "get_next_allowed_client_refresh". Consider using a type hint or @extend_schema_field. Defaulting to string.',
    '/home/runner/work/posthog/posthog/posthog/api/insight.py: Warning [ClickhouseInsightsViewSet > InsightSerializer]: unable to resolve type hint for function "get_result". Consider using a type hint or @extend_schema_field. Defaulting to string.',
    '/home/runner/work/posthog/posthog/posthog/api/insight.py: Warning [ClickhouseInsightsViewSet > InsightSerializer]: unable to resolve type hint for function "get_columns". Consider using a type hint or @extend_schema_field. Defaulting to string.',
    '/home/runner/work/posthog/posthog/posthog/api/insight.py: Warning [ClickhouseInsightsViewSet > InsightSerializer]: unable to resolve type hint for function "get_timezone". Consider using a type hint or @extend_schema_field. Defaulting to string.',
    '/home/runner/work/posthog/posthog/posthog/api/insight.py: Warning [ClickhouseInsightsViewSet > InsightSerializer]: unable to resolve type hint for function "get_is_cached". Consider using a type hint or @extend_schema_field. Defaulting to string.',
    '/home/runner/work/posthog/posthog/posthog/api/notebook.py: Warning [NotebookViewSet]: could not derive type of path parameter "project_id" because model "posthog.models.notebook.notebook.Notebook" contained no such field. Consider annotating parameter with @extend_schema. Defaulting to "string".',
    '/home/runner/work/posthog/posthog/posthog/api/person.py: Warning [PersonViewSet]: could not derive type of path parameter "project_id" because model "posthog.models.person.person.Person" contained no such field. Consider annotating parameter with @extend_schema. Defaulting to "string".',
    '/home/runner/work/posthog/posthog/ee/clickhouse/views/person.py: Warning [EnterprisePersonViewSet]: could not derive type of path parameter "project_id" because model "posthog.models.person.person.Person" contained no such field. Consider annotating parameter with @extend_schema. Defaulting to "string".',
    '/home/runner/work/posthog/posthog/posthog/api/plugin.py: Warning [PipelineDestinationsConfigsViewSet]: could not derive type of path parameter "project_id" because model "posthog.models.plugin.PluginConfig" contained no such field. Consider annotating parameter with @extend_schema. Defaulting to "string".',
    '/home/runner/work/posthog/posthog/posthog/api/plugin.py: Warning [PipelineDestinationsConfigsViewSet > PluginConfigSerializer]: unable to resolve type hint for function "get_config". Consider using a type hint or @extend_schema_field. Defaulting to string.',
    '/home/runner/work/posthog/posthog/posthog/api/plugin.py: Warning [PipelineDestinationsConfigsViewSet > PluginConfigSerializer]: unable to resolve type hint for function "get_error". Consider using a type hint or @extend_schema_field. Defaulting to string.',
    '/home/runner/work/posthog/posthog/posthog/api/plugin.py: Warning [PipelineDestinationsConfigsViewSet > PluginConfigSerializer]: unable to resolve type hint for function "get_plugin_info". Consider using a type hint or @extend_schema_field. Defaulting to string.',
    '/home/runner/work/posthog/posthog/posthog/api/plugin.py: Warning [PipelineDestinationsConfigsViewSet > PluginConfigSerializer]: unable to resolve type hint for function "get_delivery_rate_24h". Consider using a type hint or @extend_schema_field. Defaulting to string.',
    '/home/runner/work/posthog/posthog/posthog/api/plugin.py: Warning [PipelineFrontendAppsConfigsViewSet]: could not derive type of path parameter "project_id" because model "posthog.models.plugin.PluginConfig" contained no such field. Consider annotating parameter with @extend_schema. Defaulting to "string".',
    '/home/runner/work/posthog/posthog/posthog/api/plugin.py: Warning [PipelineImportAppsConfigsViewSet]: could not derive type of path parameter "project_id" because model "posthog.models.plugin.PluginConfig" contained no such field. Consider annotating parameter with @extend_schema. Defaulting to "string".',
    '/home/runner/work/posthog/posthog/posthog/api/plugin.py: Warning [PipelineTransformationsConfigsViewSet]: could not derive type of path parameter "project_id" because model "posthog.models.plugin.PluginConfig" contained no such field. Consider annotating parameter with @extend_schema. Defaulting to "string".',
    '/home/runner/work/posthog/posthog/posthog/api/plugin.py: Warning [PluginConfigViewSet]: could not derive type of path parameter "project_id" because model "posthog.models.plugin.PluginConfig" contained no such field. Consider annotating parameter with @extend_schema. Defaulting to "string".',
    '/home/runner/work/posthog/posthog/posthog/api/plugin_log_entry.py: Warning [PluginLogEntryViewSet]: could not derive type of path parameter "project_id" because it is untyped and obtaining queryset from the viewset failed. Consider adding a type to the path (e.g. <int:project_id>) or annotating the parameter type with @extend_schema. Defaulting to "string".',
    '/home/runner/work/posthog/posthog/posthog/api/plugin_log_entry.py: Warning [PluginLogEntryViewSet]: could not derive type of path parameter "plugin_config_id" because it is untyped and obtaining queryset from the viewset failed. Consider adding a type to the path (e.g. <int:plugin_config_id>) or annotating the parameter type with @extend_schema. Defaulting to "string".',
    "/home/runner/work/posthog/posthog/posthog/api/property_definition.py: Error [PropertyDefinitionViewSet]: exception raised while getting serializer. Hint: Is get_serializer_class() returning None or is get_queryset() not working without a request? Ignoring the view for now. (Exception: 'AnonymousUser' object has no attribute 'organization')",
    '/home/runner/work/posthog/posthog/posthog/api/property_definition.py: Warning [PropertyDefinitionViewSet]: could not derive type of path parameter "project_id" because model "posthog.models.property_definition.PropertyDefinition" contained no such field. Consider annotating parameter with @extend_schema. Defaulting to "string".',
    '/home/runner/work/posthog/posthog/posthog/api/query.py: Warning [QueryViewSet]: could not derive type of path parameter "project_id" because it is untyped and obtaining queryset from the viewset failed. Consider adding a type to the path (e.g. <int:project_id>) or annotating the parameter type with @extend_schema. Defaulting to "string".',
    '/opt/hostedtoolcache/Python/3.10.10/x64/lib/python3.10/site-packages/pydantic/_internal/_model_construction.py: Warning [QueryViewSet > ModelMetaclass]: Encountered 2 components with identical names "Person" and different classes <class \'str\'> and <class \'posthog.api.person.PersonSerializer\'>. This will very likely result in an incorrect schema. Try renaming one.',
    '/home/runner/work/posthog/posthog/posthog/api/query.py: Warning [QueryViewSet]: could not derive type of path parameter "id" because it is untyped and obtaining queryset from the viewset failed. Consider adding a type to the path (e.g. <int:id>) or annotating the parameter type with @extend_schema. Defaulting to "string".',
    '/home/runner/work/posthog/posthog/posthog/api/query.py: Error [QueryViewSet]: unable to guess serializer. This is graceful fallback handling for APIViews. Consider using GenericAPIView as view base class, if view is under your control. Either way you may want to add a serializer_class (or method). Ignoring view for now.',
    '/home/runner/work/posthog/posthog/ee/session_recordings/session_recording_playlist.py: Warning [SessionRecordingPlaylistViewSet]: could not derive type of path parameter "project_id" because model "posthog.session_recordings.models.session_recording_playlist.SessionRecordingPlaylist" contained no such field. Consider annotating parameter with @extend_schema. Defaulting to "string".',
    '/home/runner/work/posthog/posthog/ee/session_recordings/session_recording_playlist.py: Warning [SessionRecordingPlaylistViewSet]: could not derive type of path parameter "session_recording_id" because model "posthog.session_recordings.models.session_recording_playlist.SessionRecordingPlaylist" contained no such field. Consider annotating parameter with @extend_schema. Defaulting to "string".',
    '/home/runner/work/posthog/posthog/posthog/session_recordings/session_recording_api.py: Warning [SessionRecordingViewSet]: could not derive type of path parameter "project_id" because model "posthog.session_recordings.models.session_recording.SessionRecording" contained no such field. Consider annotating parameter with @extend_schema. Defaulting to "string".',
    '/home/runner/work/posthog/posthog/posthog/session_recordings/session_recording_api.py: Warning [SessionRecordingViewSet > SessionRecordingSerializer]: could not resolve field on model <class \'posthog.session_recordings.models.session_recording.SessionRecording\'> with path "viewed". This is likely a custom field that does some unknown magic. Maybe consider annotating the field/property? Defaulting to "string". (Exception: SessionRecording has no field named \'viewed\')',
    '/home/runner/work/posthog/posthog/posthog/api/person.py: Warning [SessionRecordingViewSet > SessionRecordingSerializer > MinimalPersonSerializer]: unable to resolve type hint for function "get_distinct_ids". Consider using a type hint or @extend_schema_field. Defaulting to string.',
    '/home/runner/work/posthog/posthog/posthog/session_recordings/session_recording_api.py: Warning [SessionRecordingViewSet > SessionRecordingSerializer]: unable to resolve type hint for function "storage". Consider using a type hint or @extend_schema_field. Defaulting to string.',
    '/home/runner/work/posthog/posthog/posthog/api/session.py: Error [SessionViewSet]: unable to guess serializer. This is graceful fallback handling for APIViews. Consider using GenericAPIView as view base class, if view is under your control. Either way you may want to add a serializer_class (or method). Ignoring view for now.',
    '/home/runner/work/posthog/posthog/posthog/api/session.py: Warning [SessionViewSet]: could not derive type of path parameter "project_id" because it is untyped and obtaining queryset from the viewset failed. Consider adding a type to the path (e.g. <int:project_id>) or annotating the parameter type with @extend_schema. Defaulting to "string".',
    '/home/runner/work/posthog/posthog/ee/api/subscription.py: Warning [SubscriptionViewSet]: could not derive type of path parameter "project_id" because model "posthog.models.subscription.Subscription" contained no such field. Consider annotating parameter with @extend_schema. Defaulting to "string".',
    '/home/runner/work/posthog/posthog/ee/api/subscription.py: Warning [SubscriptionViewSet > SubscriptionSerializer]: unable to resolve type hint for function "summary". Consider using a type hint or @extend_schema_field. Defaulting to string.',
    '/home/runner/work/posthog/posthog/posthog/api/survey.py: Warning [SurveyViewSet]: could not derive type of path parameter "project_id" because model "posthog.models.feedback.survey.Survey" contained no such field. Consider annotating parameter with @extend_schema. Defaulting to "string".',
    'Warning: encountered multiple names for the same choice set (HrefMatchingEnum). This may be unwanted even though the generated schema is technically correct. Add an entry to ENUM_NAME_OVERRIDES to fix the naming.',
    'Warning: enum naming encountered a non-optimally resolvable collision for fields named "type". The same name has been used for multiple choice sets in multiple components. The collision was resolved with "Type7baEnum". add an entry to ENUM_NAME_OVERRIDES to fix the naming.',
    'Warning: enum naming encountered a non-optimally resolvable collision for fields named "level". The same name has been used for multiple choice sets in multiple components. The collision was resolved with "LevelD7eEnum". add an entry to ENUM_NAME_OVERRIDES to fix the naming.',
    'Warning: encountered multiple names for the same choice set (RestrictionLevelEnum). This may be unwanted even though the generated schema is technically correct. Add an entry to ENUM_NAME_OVERRIDES to fix the naming.',
    'Warning: encountered multiple names for the same choice set (EffectivePrivilegeLevelEnum). This may be unwanted even though the generated schema is technically correct. Add an entry to ENUM_NAME_OVERRIDES to fix the naming.',
    'Warning: encountered multiple names for the same choice set (MembershipLevelEnum). This may be unwanted even though the generated schema is technically correct. Add an entry to ENUM_NAME_OVERRIDES to fix the naming.',
    'Warning: operationId "list" has collisions [(\'/api/organizations/\', \'get\'), (\'/api/organizations/{organization_id}/projects/\', \'get\')]. resolving with numeral suffixes.',
    'Warning: operationId "create" has collisions [(\'/api/organizations/\', \'post\'), (\'/api/organizations/{organization_id}/projects/\', \'post\')]. resolving with numeral suffixes.',
    'Warning: operationId "retrieve" has collisions [(\'/api/organizations/{id}/\', \'get\'), (\'/api/organizations/{organization_id}/projects/{id}/\', \'get\')]. resolving with numeral suffixes.',
    'Warning: operationId "update" has collisions [(\'/api/organizations/{id}/\', \'put\'), (\'/api/organizations/{organization_id}/projects/{id}/\', \'put\')]. resolving with numeral suffixes.',
    'Warning: operationId "partial_update" has collisions [(\'/api/organizations/{id}/\', \'patch\'), (\'/api/organizations/{organization_id}/projects/{id}/\', \'patch\')]. resolving with numeral suffixes.',
    'Warning: operationId "destroy" has collisions [(\'/api/organizations/{id}/\', \'delete\'), (\'/api/organizations/{organization_id}/projects/{id}/\', \'delete\')]. resolving with numeral suffixes.',
    'Warning: operationId "batch_exports_list" has collisions [(\'/api/organizations/{organization_id}/batch_exports/\', \'get\'), (\'/api/projects/{project_id}/batch_exports/\', \'get\')]. resolving with numeral suffixes.',
    'Warning: operationId "batch_exports_create" has collisions [(\'/api/organizations/{organization_id}/batch_exports/\', \'post\'), (\'/api/projects/{project_id}/batch_exports/\', \'post\')]. resolving with numeral suffixes.',
    'Warning: operationId "batch_exports_retrieve" has collisions [(\'/api/organizations/{organization_id}/batch_exports/{id}/\', \'get\'), (\'/api/projects/{project_id}/batch_exports/{id}/\', \'get\')]. resolving with numeral suffixes.',
    'Warning: operationId "batch_exports_update" has collisions [(\'/api/organizations/{organization_id}/batch_exports/{id}/\', \'put\'), (\'/api/projects/{project_id}/batch_exports/{id}/\', \'put\')]. resolving with numeral suffixes.',
    'Warning: operationId "batch_exports_partial_update" has collisions [(\'/api/organizations/{organization_id}/batch_exports/{id}/\', \'patch\'), (\'/api/projects/{project_id}/batch_exports/{id}/\', \'patch\')]. resolving with numeral suffixes.',
    'Warning: operationId "batch_exports_destroy" has collisions [(\'/api/organizations/{organization_id}/batch_exports/{id}/\', \'delete\'), (\'/api/projects/{project_id}/batch_exports/{id}/\', \'delete\')]. resolving with numeral suffixes.',
    'Warning: operationId "batch_exports_backfill_create" has collisions [(\'/api/organizations/{organization_id}/batch_exports/{id}/backfill/\', \'post\'), (\'/api/projects/{project_id}/batch_exports/{id}/backfill/\', \'post\')]. resolving with numeral suffixes.',
    'Warning: operationId "batch_exports_pause_create" has collisions [(\'/api/organizations/{organization_id}/batch_exports/{id}/pause/\', \'post\'), (\'/api/projects/{project_id}/batch_exports/{id}/pause/\', \'post\')]. resolving with numeral suffixes.',
    'Warning: operationId "batch_exports_unpause_create" has collisions [(\'/api/organizations/{organization_id}/batch_exports/{id}/unpause/\', \'post\'), (\'/api/projects/{project_id}/batch_exports/{id}/unpause/\', \'post\')]. resolving with numeral suffixes.',
    'Warning: operationId "app_metrics_historical_exports_retrieve" has collisions [(\'/api/projects/{project_id}/app_metrics/{plugin_config_id}/historical_exports/\', \'get\'), (\'/api/projects/{project_id}/app_metrics/{plugin_config_id}/historical_exports/{id}/\', \'get\')]. resolving with numeral suffixes.',
    'Warning: operationId "event_definitions_retrieve" has collisions [(\'/api/projects/{project_id}/event_definitions/\', \'get\'), (\'/api/projects/{project_id}/event_definitions/{id}/\', \'get\')]. resolving with numeral suffixes.',
    'Warning: operationId "feature_flags_activity_retrieve" has collisions [(\'/api/projects/{project_id}/feature_flags/{id}/activity/\', \'get\'), (\'/api/projects/{project_id}/feature_flags/activity/\', \'get\')]. resolving with numeral suffixes.',
    'Warning: operationId "insights_activity_retrieve" has collisions [(\'/api/projects/{project_id}/insights/{id}/activity/\', \'get\'), (\'/api/projects/{project_id}/insights/activity/\', \'get\')]. resolving with numeral suffixes.',
    'Warning: operationId "notebooks_activity_retrieve" has collisions [(\'/api/projects/{project_id}/notebooks/{short_id}/activity/\', \'get\'), (\'/api/projects/{project_id}/notebooks/activity/\', \'get\')]. resolving with numeral suffixes.',
    'Warning: operationId "persons_activity_retrieve" has collisions [(\'/api/projects/{project_id}/persons/{id}/activity/\', \'get\'), (\'/api/projects/{project_id}/persons/activity/\', \'get\')]. resolving with numeral suffixes.',
    'Warning: operationId "property_definitions_retrieve" has collisions [(\'/api/projects/{project_id}/property_definitions/\', \'get\'), (\'/api/projects/{project_id}/property_definitions/{id}/\', \'get\')]. resolving with numeral suffixes.',
    '',
  ])
# ---
