# name: TestPluginAPI.test_listing_plugins_is_not_nplus1
  '
  SELECT "posthog_user"."id",
         "posthog_user"."password",
         "posthog_user"."last_login",
         "posthog_user"."first_name",
         "posthog_user"."last_name",
         "posthog_user"."is_staff",
         "posthog_user"."is_active",
         "posthog_user"."date_joined",
         "posthog_user"."uuid",
         "posthog_user"."current_organization_id",
         "posthog_user"."current_team_id",
         "posthog_user"."email",
         "posthog_user"."pending_email",
         "posthog_user"."temporary_token",
         "posthog_user"."distinct_id",
         "posthog_user"."is_email_verified",
         "posthog_user"."has_seen_product_intro_for",
         "posthog_user"."email_opt_in",
         "posthog_user"."partial_notification_settings",
         "posthog_user"."anonymize_data",
         "posthog_user"."toolbar_mode",
         "posthog_user"."events_column_config"
  FROM "posthog_user"
  WHERE "posthog_user"."id" = 2
  LIMIT 21 /**/
  '
---
# name: TestPluginAPI.test_listing_plugins_is_not_nplus1.1
  '
  SELECT "posthog_organization"."id",
         "posthog_organization"."name",
         "posthog_organization"."slug",
         "posthog_organization"."created_at",
         "posthog_organization"."updated_at",
         "posthog_organization"."plugins_access_level",
         "posthog_organization"."for_internal_metrics",
         "posthog_organization"."is_member_join_email_enabled",
         "posthog_organization"."enforce_2fa",
         "posthog_organization"."customer_id",
         "posthog_organization"."available_product_features",
         "posthog_organization"."usage",
         "posthog_organization"."never_drop_data",
         "posthog_organization"."setup_section_2_completed",
         "posthog_organization"."personalization",
         "posthog_organization"."domain_whitelist",
         "posthog_organization"."available_features"
  FROM "posthog_organization"
  WHERE "posthog_organization"."id" = '00000000-0000-0000-0000-000000000000'::uuid
  LIMIT 21 /*controller='organization_plugins-list',route='api/organizations/%28%3FP%3Cparent_lookup_organization_id%3E%5B%5E/.%5D%2B%29/plugins/%3F%24'*/
  '
---
# name: TestPluginAPI.test_listing_plugins_is_not_nplus1.10
  '
  SELECT COUNT(*) AS "__count"
  FROM "posthog_plugin"
  WHERE ("posthog_plugin"."organization_id" = '00000000-0000-0000-0000-000000000000'::uuid
         OR "posthog_plugin"."is_global"
         OR "posthog_plugin"."id" IN
           (SELECT U0."plugin_id"
            FROM "posthog_pluginconfig" U0
            INNER JOIN "posthog_team" U1 ON (U0."team_id" = U1."id")
            WHERE U1."organization_id" = '00000000-0000-0000-0000-000000000000'::uuid)) /*controller='organization_plugins-list',route='api/organizations/%28%3FP%3Cparent_lookup_organization_id%3E%5B%5E/.%5D%2B%29/plugins/%3F%24'*/
  '
---
# name: TestPluginAPI.test_listing_plugins_is_not_nplus1.11
  '
  SELECT "posthog_plugin"."id",
         "posthog_plugin"."organization_id",
         "posthog_plugin"."plugin_type",
         "posthog_plugin"."is_global",
         "posthog_plugin"."is_preinstalled",
         "posthog_plugin"."is_stateless",
         "posthog_plugin"."name",
         "posthog_plugin"."description",
         "posthog_plugin"."url",
         "posthog_plugin"."icon",
         "posthog_plugin"."config_schema",
         "posthog_plugin"."tag",
         "posthog_plugin"."archive",
         "posthog_plugin"."latest_tag",
         "posthog_plugin"."latest_tag_checked_at",
         "posthog_plugin"."capabilities",
         "posthog_plugin"."metrics",
         "posthog_plugin"."public_jobs",
         "posthog_plugin"."error",
         "posthog_plugin"."from_json",
         "posthog_plugin"."from_web",
         "posthog_plugin"."source",
         "posthog_plugin"."created_at",
         "posthog_plugin"."updated_at",
         "posthog_plugin"."log_level",
         "posthog_organization"."id",
         "posthog_organization"."name",
         "posthog_organization"."slug",
         "posthog_organization"."created_at",
         "posthog_organization"."updated_at",
         "posthog_organization"."plugins_access_level",
         "posthog_organization"."for_internal_metrics",
         "posthog_organization"."is_member_join_email_enabled",
         "posthog_organization"."enforce_2fa",
         "posthog_organization"."customer_id",
         "posthog_organization"."available_product_features",
         "posthog_organization"."usage",
         "posthog_organization"."never_drop_data",
         "posthog_organization"."setup_section_2_completed",
         "posthog_organization"."personalization",
         "posthog_organization"."domain_whitelist",
         "posthog_organization"."available_features"
  FROM "posthog_plugin"
  INNER JOIN "posthog_organization" ON ("posthog_plugin"."organization_id" = "posthog_organization"."id")
  WHERE ("posthog_plugin"."organization_id" = '00000000-0000-0000-0000-000000000000'::uuid
         OR "posthog_plugin"."is_global"
         OR "posthog_plugin"."id" IN
           (SELECT U0."plugin_id"
            FROM "posthog_pluginconfig" U0
            INNER JOIN "posthog_team" U1 ON (U0."team_id" = U1."id")
            WHERE U1."organization_id" = '00000000-0000-0000-0000-000000000000'::uuid))
  LIMIT 100 /*controller='organization_plugins-list',route='api/organizations/%28%3FP%3Cparent_lookup_organization_id%3E%5B%5E/.%5D%2B%29/plugins/%3F%24'*/
  '
---
# name: TestPluginAPI.test_listing_plugins_is_not_nplus1.12
  '
  SELECT "posthog_user"."id",
         "posthog_user"."password",
         "posthog_user"."last_login",
         "posthog_user"."first_name",
         "posthog_user"."last_name",
         "posthog_user"."is_staff",
         "posthog_user"."is_active",
         "posthog_user"."date_joined",
         "posthog_user"."uuid",
         "posthog_user"."current_organization_id",
         "posthog_user"."current_team_id",
         "posthog_user"."email",
         "posthog_user"."pending_email",
         "posthog_user"."temporary_token",
         "posthog_user"."distinct_id",
         "posthog_user"."is_email_verified",
         "posthog_user"."has_seen_product_intro_for",
         "posthog_user"."email_opt_in",
         "posthog_user"."partial_notification_settings",
         "posthog_user"."anonymize_data",
         "posthog_user"."toolbar_mode",
         "posthog_user"."events_column_config"
  FROM "posthog_user"
  WHERE "posthog_user"."id" = 2
  LIMIT 21 /**/
  '
---
# name: TestPluginAPI.test_listing_plugins_is_not_nplus1.13
  '
  SELECT "posthog_organization"."id",
         "posthog_organization"."name",
         "posthog_organization"."slug",
         "posthog_organization"."created_at",
         "posthog_organization"."updated_at",
         "posthog_organization"."plugins_access_level",
         "posthog_organization"."for_internal_metrics",
         "posthog_organization"."is_member_join_email_enabled",
         "posthog_organization"."enforce_2fa",
         "posthog_organization"."customer_id",
         "posthog_organization"."available_product_features",
         "posthog_organization"."usage",
         "posthog_organization"."never_drop_data",
         "posthog_organization"."setup_section_2_completed",
         "posthog_organization"."personalization",
         "posthog_organization"."domain_whitelist",
         "posthog_organization"."available_features"
  FROM "posthog_organization"
  WHERE "posthog_organization"."id" = '00000000-0000-0000-0000-000000000000'::uuid
  LIMIT 21 /*controller='organization_plugins-list',route='api/organizations/%28%3FP%3Cparent_lookup_organization_id%3E%5B%5E/.%5D%2B%29/plugins/%3F%24'*/
  '
---
# name: TestPluginAPI.test_listing_plugins_is_not_nplus1.14
  '
  SELECT "posthog_organization"."id",
         "posthog_organization"."name",
         "posthog_organization"."slug",
         "posthog_organization"."created_at",
         "posthog_organization"."updated_at",
         "posthog_organization"."plugins_access_level",
         "posthog_organization"."for_internal_metrics",
         "posthog_organization"."is_member_join_email_enabled",
         "posthog_organization"."enforce_2fa",
         "posthog_organization"."customer_id",
         "posthog_organization"."available_product_features",
         "posthog_organization"."usage",
         "posthog_organization"."never_drop_data",
         "posthog_organization"."setup_section_2_completed",
         "posthog_organization"."personalization",
         "posthog_organization"."domain_whitelist",
         "posthog_organization"."available_features"
  FROM "posthog_organization"
  WHERE "posthog_organization"."id" = '00000000-0000-0000-0000-000000000000'::uuid
  LIMIT 21 /*controller='organization_plugins-list',route='api/organizations/%28%3FP%3Cparent_lookup_organization_id%3E%5B%5E/.%5D%2B%29/plugins/%3F%24'*/
  '
---
# name: TestPluginAPI.test_listing_plugins_is_not_nplus1.15
  '
  SELECT (1) AS "a"
  FROM "posthog_organizationmembership"
  WHERE ("posthog_organizationmembership"."organization_id" = '00000000-0000-0000-0000-000000000000'::uuid
         AND "posthog_organizationmembership"."user_id" = 2)
  LIMIT 1 /*controller='organization_plugins-list',route='api/organizations/%28%3FP%3Cparent_lookup_organization_id%3E%5B%5E/.%5D%2B%29/plugins/%3F%24'*/
  '
---
# name: TestPluginAPI.test_listing_plugins_is_not_nplus1.16
  '
  SELECT COUNT(*) AS "__count"
  FROM "posthog_plugin"
  WHERE ("posthog_plugin"."organization_id" = '00000000-0000-0000-0000-000000000000'::uuid
         OR "posthog_plugin"."is_global"
         OR "posthog_plugin"."id" IN
           (SELECT U0."plugin_id"
            FROM "posthog_pluginconfig" U0
            INNER JOIN "posthog_team" U1 ON (U0."team_id" = U1."id")
            WHERE U1."organization_id" = '00000000-0000-0000-0000-000000000000'::uuid)) /*controller='organization_plugins-list',route='api/organizations/%28%3FP%3Cparent_lookup_organization_id%3E%5B%5E/.%5D%2B%29/plugins/%3F%24'*/
  '
---
# name: TestPluginAPI.test_listing_plugins_is_not_nplus1.17
  '
  SELECT "posthog_plugin"."id",
         "posthog_plugin"."organization_id",
         "posthog_plugin"."plugin_type",
         "posthog_plugin"."is_global",
         "posthog_plugin"."is_preinstalled",
         "posthog_plugin"."is_stateless",
         "posthog_plugin"."name",
         "posthog_plugin"."description",
         "posthog_plugin"."url",
         "posthog_plugin"."icon",
         "posthog_plugin"."config_schema",
         "posthog_plugin"."tag",
         "posthog_plugin"."archive",
         "posthog_plugin"."latest_tag",
         "posthog_plugin"."latest_tag_checked_at",
         "posthog_plugin"."capabilities",
         "posthog_plugin"."metrics",
         "posthog_plugin"."public_jobs",
         "posthog_plugin"."error",
         "posthog_plugin"."from_json",
         "posthog_plugin"."from_web",
         "posthog_plugin"."source",
         "posthog_plugin"."created_at",
         "posthog_plugin"."updated_at",
         "posthog_plugin"."log_level",
         "posthog_organization"."id",
         "posthog_organization"."name",
         "posthog_organization"."slug",
         "posthog_organization"."created_at",
         "posthog_organization"."updated_at",
         "posthog_organization"."plugins_access_level",
         "posthog_organization"."for_internal_metrics",
         "posthog_organization"."is_member_join_email_enabled",
         "posthog_organization"."enforce_2fa",
         "posthog_organization"."customer_id",
         "posthog_organization"."available_product_features",
         "posthog_organization"."usage",
         "posthog_organization"."never_drop_data",
         "posthog_organization"."setup_section_2_completed",
         "posthog_organization"."personalization",
         "posthog_organization"."domain_whitelist",
         "posthog_organization"."available_features"
  FROM "posthog_plugin"
  INNER JOIN "posthog_organization" ON ("posthog_plugin"."organization_id" = "posthog_organization"."id")
  WHERE ("posthog_plugin"."organization_id" = '00000000-0000-0000-0000-000000000000'::uuid
         OR "posthog_plugin"."is_global"
         OR "posthog_plugin"."id" IN
           (SELECT U0."plugin_id"
            FROM "posthog_pluginconfig" U0
            INNER JOIN "posthog_team" U1 ON (U0."team_id" = U1."id")
            WHERE U1."organization_id" = '00000000-0000-0000-0000-000000000000'::uuid))
  LIMIT 100 /*controller='organization_plugins-list',route='api/organizations/%28%3FP%3Cparent_lookup_organization_id%3E%5B%5E/.%5D%2B%29/plugins/%3F%24'*/
  '
---
# name: TestPluginAPI.test_listing_plugins_is_not_nplus1.18
  '
  SELECT "posthog_user"."id",
         "posthog_user"."password",
         "posthog_user"."last_login",
         "posthog_user"."first_name",
         "posthog_user"."last_name",
         "posthog_user"."is_staff",
         "posthog_user"."is_active",
         "posthog_user"."date_joined",
         "posthog_user"."uuid",
         "posthog_user"."current_organization_id",
         "posthog_user"."current_team_id",
         "posthog_user"."email",
         "posthog_user"."pending_email",
         "posthog_user"."temporary_token",
         "posthog_user"."distinct_id",
         "posthog_user"."is_email_verified",
         "posthog_user"."has_seen_product_intro_for",
         "posthog_user"."email_opt_in",
         "posthog_user"."partial_notification_settings",
         "posthog_user"."anonymize_data",
         "posthog_user"."toolbar_mode",
         "posthog_user"."events_column_config"
  FROM "posthog_user"
  WHERE "posthog_user"."id" = 2
  LIMIT 21 /**/
  '
---
# name: TestPluginAPI.test_listing_plugins_is_not_nplus1.19
  '
  SELECT "posthog_organization"."id",
         "posthog_organization"."name",
         "posthog_organization"."slug",
         "posthog_organization"."created_at",
         "posthog_organization"."updated_at",
         "posthog_organization"."plugins_access_level",
         "posthog_organization"."for_internal_metrics",
         "posthog_organization"."is_member_join_email_enabled",
         "posthog_organization"."enforce_2fa",
         "posthog_organization"."customer_id",
         "posthog_organization"."available_product_features",
         "posthog_organization"."usage",
         "posthog_organization"."never_drop_data",
         "posthog_organization"."setup_section_2_completed",
         "posthog_organization"."personalization",
         "posthog_organization"."domain_whitelist",
         "posthog_organization"."available_features"
  FROM "posthog_organization"
  WHERE "posthog_organization"."id" = '00000000-0000-0000-0000-000000000000'::uuid
  LIMIT 21 /*controller='organization_plugins-list',route='api/organizations/%28%3FP%3Cparent_lookup_organization_id%3E%5B%5E/.%5D%2B%29/plugins/%3F%24'*/
  '
---
# name: TestPluginAPI.test_listing_plugins_is_not_nplus1.2
  '
  SELECT "posthog_organization"."id",
         "posthog_organization"."name",
         "posthog_organization"."slug",
         "posthog_organization"."created_at",
         "posthog_organization"."updated_at",
         "posthog_organization"."plugins_access_level",
         "posthog_organization"."for_internal_metrics",
         "posthog_organization"."is_member_join_email_enabled",
         "posthog_organization"."enforce_2fa",
         "posthog_organization"."customer_id",
         "posthog_organization"."available_product_features",
         "posthog_organization"."usage",
         "posthog_organization"."never_drop_data",
         "posthog_organization"."setup_section_2_completed",
         "posthog_organization"."personalization",
         "posthog_organization"."domain_whitelist",
         "posthog_organization"."available_features"
  FROM "posthog_organization"
  WHERE "posthog_organization"."id" = '00000000-0000-0000-0000-000000000000'::uuid
  LIMIT 21 /*controller='organization_plugins-list',route='api/organizations/%28%3FP%3Cparent_lookup_organization_id%3E%5B%5E/.%5D%2B%29/plugins/%3F%24'*/
  '
---
# name: TestPluginAPI.test_listing_plugins_is_not_nplus1.20
  '
  SELECT "posthog_organization"."id",
         "posthog_organization"."name",
         "posthog_organization"."slug",
         "posthog_organization"."created_at",
         "posthog_organization"."updated_at",
         "posthog_organization"."plugins_access_level",
         "posthog_organization"."for_internal_metrics",
         "posthog_organization"."is_member_join_email_enabled",
         "posthog_organization"."enforce_2fa",
         "posthog_organization"."customer_id",
         "posthog_organization"."available_product_features",
         "posthog_organization"."usage",
         "posthog_organization"."never_drop_data",
         "posthog_organization"."setup_section_2_completed",
         "posthog_organization"."personalization",
         "posthog_organization"."domain_whitelist",
         "posthog_organization"."available_features"
  FROM "posthog_organization"
  WHERE "posthog_organization"."id" = '00000000-0000-0000-0000-000000000000'::uuid
  LIMIT 21 /*controller='organization_plugins-list',route='api/organizations/%28%3FP%3Cparent_lookup_organization_id%3E%5B%5E/.%5D%2B%29/plugins/%3F%24'*/
  '
---
# name: TestPluginAPI.test_listing_plugins_is_not_nplus1.21
  '
  SELECT (1) AS "a"
  FROM "posthog_organizationmembership"
  WHERE ("posthog_organizationmembership"."organization_id" = '00000000-0000-0000-0000-000000000000'::uuid
         AND "posthog_organizationmembership"."user_id" = 2)
  LIMIT 1 /*controller='organization_plugins-list',route='api/organizations/%28%3FP%3Cparent_lookup_organization_id%3E%5B%5E/.%5D%2B%29/plugins/%3F%24'*/
  '
---
# name: TestPluginAPI.test_listing_plugins_is_not_nplus1.22
  '
  SELECT COUNT(*) AS "__count"
  FROM "posthog_plugin"
  WHERE ("posthog_plugin"."organization_id" = '00000000-0000-0000-0000-000000000000'::uuid
         OR "posthog_plugin"."is_global"
         OR "posthog_plugin"."id" IN
           (SELECT U0."plugin_id"
            FROM "posthog_pluginconfig" U0
            INNER JOIN "posthog_team" U1 ON (U0."team_id" = U1."id")
            WHERE U1."organization_id" = '00000000-0000-0000-0000-000000000000'::uuid)) /*controller='organization_plugins-list',route='api/organizations/%28%3FP%3Cparent_lookup_organization_id%3E%5B%5E/.%5D%2B%29/plugins/%3F%24'*/
  '
---
# name: TestPluginAPI.test_listing_plugins_is_not_nplus1.23
  '
  SELECT "posthog_plugin"."id",
         "posthog_plugin"."organization_id",
         "posthog_plugin"."plugin_type",
         "posthog_plugin"."is_global",
         "posthog_plugin"."is_preinstalled",
         "posthog_plugin"."is_stateless",
         "posthog_plugin"."name",
         "posthog_plugin"."description",
         "posthog_plugin"."url",
         "posthog_plugin"."icon",
         "posthog_plugin"."config_schema",
         "posthog_plugin"."tag",
         "posthog_plugin"."archive",
         "posthog_plugin"."latest_tag",
         "posthog_plugin"."latest_tag_checked_at",
         "posthog_plugin"."capabilities",
         "posthog_plugin"."metrics",
         "posthog_plugin"."public_jobs",
         "posthog_plugin"."error",
         "posthog_plugin"."from_json",
         "posthog_plugin"."from_web",
         "posthog_plugin"."source",
         "posthog_plugin"."created_at",
         "posthog_plugin"."updated_at",
         "posthog_plugin"."log_level",
         "posthog_organization"."id",
         "posthog_organization"."name",
         "posthog_organization"."slug",
         "posthog_organization"."created_at",
         "posthog_organization"."updated_at",
         "posthog_organization"."plugins_access_level",
         "posthog_organization"."for_internal_metrics",
         "posthog_organization"."is_member_join_email_enabled",
         "posthog_organization"."enforce_2fa",
         "posthog_organization"."customer_id",
         "posthog_organization"."available_product_features",
         "posthog_organization"."usage",
         "posthog_organization"."never_drop_data",
         "posthog_organization"."setup_section_2_completed",
         "posthog_organization"."personalization",
         "posthog_organization"."domain_whitelist",
         "posthog_organization"."available_features"
  FROM "posthog_plugin"
  INNER JOIN "posthog_organization" ON ("posthog_plugin"."organization_id" = "posthog_organization"."id")
  WHERE ("posthog_plugin"."organization_id" = '00000000-0000-0000-0000-000000000000'::uuid
         OR "posthog_plugin"."is_global"
         OR "posthog_plugin"."id" IN
           (SELECT U0."plugin_id"
            FROM "posthog_pluginconfig" U0
            INNER JOIN "posthog_team" U1 ON (U0."team_id" = U1."id")
            WHERE U1."organization_id" = '00000000-0000-0000-0000-000000000000'::uuid))
  LIMIT 100 /*controller='organization_plugins-list',route='api/organizations/%28%3FP%3Cparent_lookup_organization_id%3E%5B%5E/.%5D%2B%29/plugins/%3F%24'*/
  '
---
# name: TestPluginAPI.test_listing_plugins_is_not_nplus1.3
  '
  SELECT (1) AS "a"
  FROM "posthog_organizationmembership"
  WHERE ("posthog_organizationmembership"."organization_id" = '00000000-0000-0000-0000-000000000000'::uuid
         AND "posthog_organizationmembership"."user_id" = 2)
  LIMIT 1 /*controller='organization_plugins-list',route='api/organizations/%28%3FP%3Cparent_lookup_organization_id%3E%5B%5E/.%5D%2B%29/plugins/%3F%24'*/
  '
---
# name: TestPluginAPI.test_listing_plugins_is_not_nplus1.4
  '
  SELECT "posthog_instancesetting"."id",
         "posthog_instancesetting"."key",
         "posthog_instancesetting"."raw_value"
  FROM "posthog_instancesetting"
  WHERE "posthog_instancesetting"."key" = 'constance:posthog:RATE_LIMIT_ENABLED'
  ORDER BY "posthog_instancesetting"."id" ASC
  LIMIT 1 /*controller='organization_plugins-list',route='api/organizations/%28%3FP%3Cparent_lookup_organization_id%3E%5B%5E/.%5D%2B%29/plugins/%3F%24'*/
  '
---
# name: TestPluginAPI.test_listing_plugins_is_not_nplus1.5
  '
  SELECT COUNT(*) AS "__count"
  FROM "posthog_plugin"
  WHERE ("posthog_plugin"."organization_id" = '00000000-0000-0000-0000-000000000000'::uuid
         OR "posthog_plugin"."is_global"
         OR "posthog_plugin"."id" IN
           (SELECT U0."plugin_id"
            FROM "posthog_pluginconfig" U0
            INNER JOIN "posthog_team" U1 ON (U0."team_id" = U1."id")
            WHERE U1."organization_id" = '00000000-0000-0000-0000-000000000000'::uuid)) /*controller='organization_plugins-list',route='api/organizations/%28%3FP%3Cparent_lookup_organization_id%3E%5B%5E/.%5D%2B%29/plugins/%3F%24'*/
  '
---
# name: TestPluginAPI.test_listing_plugins_is_not_nplus1.6
  '
  SELECT "posthog_user"."id",
         "posthog_user"."password",
         "posthog_user"."last_login",
         "posthog_user"."first_name",
         "posthog_user"."last_name",
         "posthog_user"."is_staff",
         "posthog_user"."is_active",
         "posthog_user"."date_joined",
         "posthog_user"."uuid",
         "posthog_user"."current_organization_id",
         "posthog_user"."current_team_id",
         "posthog_user"."email",
         "posthog_user"."pending_email",
         "posthog_user"."temporary_token",
         "posthog_user"."distinct_id",
         "posthog_user"."is_email_verified",
         "posthog_user"."has_seen_product_intro_for",
         "posthog_user"."email_opt_in",
         "posthog_user"."partial_notification_settings",
         "posthog_user"."anonymize_data",
         "posthog_user"."toolbar_mode",
         "posthog_user"."events_column_config"
  FROM "posthog_user"
  WHERE "posthog_user"."id" = 2
  LIMIT 21 /**/
  '
---
# name: TestPluginAPI.test_listing_plugins_is_not_nplus1.7
  '
  SELECT "posthog_organization"."id",
         "posthog_organization"."name",
         "posthog_organization"."slug",
         "posthog_organization"."created_at",
         "posthog_organization"."updated_at",
         "posthog_organization"."plugins_access_level",
         "posthog_organization"."for_internal_metrics",
         "posthog_organization"."is_member_join_email_enabled",
         "posthog_organization"."enforce_2fa",
         "posthog_organization"."customer_id",
         "posthog_organization"."available_product_features",
         "posthog_organization"."usage",
         "posthog_organization"."never_drop_data",
         "posthog_organization"."setup_section_2_completed",
         "posthog_organization"."personalization",
         "posthog_organization"."domain_whitelist",
         "posthog_organization"."available_features"
  FROM "posthog_organization"
  WHERE "posthog_organization"."id" = '00000000-0000-0000-0000-000000000000'::uuid
  LIMIT 21 /*controller='organization_plugins-list',route='api/organizations/%28%3FP%3Cparent_lookup_organization_id%3E%5B%5E/.%5D%2B%29/plugins/%3F%24'*/
  '
---
# name: TestPluginAPI.test_listing_plugins_is_not_nplus1.8
  '
  SELECT "posthog_organization"."id",
         "posthog_organization"."name",
         "posthog_organization"."slug",
         "posthog_organization"."created_at",
         "posthog_organization"."updated_at",
         "posthog_organization"."plugins_access_level",
         "posthog_organization"."for_internal_metrics",
         "posthog_organization"."is_member_join_email_enabled",
         "posthog_organization"."enforce_2fa",
         "posthog_organization"."customer_id",
         "posthog_organization"."available_product_features",
         "posthog_organization"."usage",
         "posthog_organization"."never_drop_data",
         "posthog_organization"."setup_section_2_completed",
         "posthog_organization"."personalization",
         "posthog_organization"."domain_whitelist",
         "posthog_organization"."available_features"
  FROM "posthog_organization"
  WHERE "posthog_organization"."id" = '00000000-0000-0000-0000-000000000000'::uuid
  LIMIT 21 /*controller='organization_plugins-list',route='api/organizations/%28%3FP%3Cparent_lookup_organization_id%3E%5B%5E/.%5D%2B%29/plugins/%3F%24'*/
  '
---
# name: TestPluginAPI.test_listing_plugins_is_not_nplus1.9
  '
  SELECT (1) AS "a"
  FROM "posthog_organizationmembership"
  WHERE ("posthog_organizationmembership"."organization_id" = '00000000-0000-0000-0000-000000000000'::uuid
         AND "posthog_organizationmembership"."user_id" = 2)
  LIMIT 1 /*controller='organization_plugins-list',route='api/organizations/%28%3FP%3Cparent_lookup_organization_id%3E%5B%5E/.%5D%2B%29/plugins/%3F%24'*/
  '
---
