// Jest Snapshot v1, https://goo.gl/fbAQLP

exports[`histogramLogic values has proper defaults 1`] = `
Object {
  "config": Object {
    "axisFn": Object {
      "x": [Function],
      "y": [Function],
    },
    "borderRadius": 4,
    "gridlineTickSize": 445,
    "height": 500,
    "inner": Object {
      "height": 460,
      "width": 440,
    },
    "layout": "vertical",
    "margin": Object {
      "bottom": 20,
      "left": 40,
      "right": 20,
      "top": 20,
    },
    "ranges": Object {
      "x": Array [
        40,
        480,
      ],
      "y": Array [
        480,
        20,
      ],
    },
    "spacing": Object {
      "barLabelPadding": 8,
      "btwnBins": 6,
      "labelLineHeight": 1.2,
      "minBarWidth": 90,
      "xLabel": 8,
      "yLabel": 5,
    },
    "transforms": Object {
      "x": "translate(0,480)",
      "y": "translate(40,0)",
      "yGrid": "translate(35,0)",
    },
    "transitionDuration": 200,
    "width": 500,
  },
}
`;
